■5-1 ファイルの場所
ファイルの場所の指定方法
C:\Users\USER\Desktop

■5-2 ユーザーインターフェース
CUIとGUI

■5-3 CUIでのPCの操作方法（コマンドプロンプトのコマンド）
cd ... ディレクトリ移動
dir ... ディレクトリを表示
mkdir ... ディレクトリ（フォルダ）作成
python ... Pythonの実行（インタラクティブシェルを起動）

■5-4 ファイルオブジェクト
ファイルをプログラム上から扱う時は、ファイルオブジェクトを介して操作を行う

ファイルオブジェクトを作る
open("ファイル名", "mode")
モードはread, write, add（追記）の略のr, w, aを使う

存在しないファイルを読み込むとエラーになる
>>> open("test.txt", "r")
Traceback (most recent call last):
  File "<stdin>", line 1, in <module>
FileNotFoundError: [Errno 2] No such file or directory: 'test.txt'
>>>

書き込みモードを試す
>>> file_object = open('test.txt', 'w')
>>> file_object.write('this is sample of python')
24
>>> file_object.close()
>>> file_object.write('this is sample of python') ←破棄されたので2回目はエラーが出る
Traceback (most recent call last):
  File "<stdin>", line 1, in <module>
ValueError: I/O operation on closed file.
>>>


>>> file_object = open('python.txt', 'w')
>>> file_object.write('this is sample of python. \n')
27
>>> file_object.flush()

C:\Users\USER\Desktop\temp内
this is sample of python. 


読み込みモードを試す
C:\Users\USER\Documents\test_python_easy_sample\chap5\tempで
>>> file_object = open('python.txt', 'r')
>>> file_object.read()
'this is sample of python. \n'
>>>

又は
>>> file_object=open('C:\\Users\\USER\\Documents\\test_python_easy_sample\\chap5\\temp\\python.txt', 'r')
>>> file_object.read()
'this is sample of python. \n'
>>>

追記モードを試す
>>> file_object=open('C:\\Users\\USER\\Documents\\test_python_easy_sample\\chap5\\temp\\python.txt', 'a')
>>> file_object.write("Add text from program!")
22
>>> file_object.close()
>>>
this is sample of python. 
Add text from program!

外部ファイルへの読み込み＋書き込み
>>> file_object=open('C:\\Users\\USER\\Documents\\test_python_easy_sample\\chap5\\temp\\python2.txt', 'r+')
>>> file_object.read()
'this is sample of python. \nAdd text from program!'
>>> file_object.write("Add text from program2!")
23
>>> file_object.read()
''
>>> file_object.seek(0) ※読み始める場所を指定
0
>>> file_object.read()
'this is sample of python. \nAdd text from program!Add text from program2!'
>>> file_object.close()
>>>

withで自動クローズ
>>> with open('C:\\Users\\USER\\Documents\\test_python_easy_sample\\chap5\\temp\\with.txt', 'w') as file_object:
...     file_object.write('using with!')
...
11
>>>
C:\Users\USER\Documents\test_python_easy_sample\chap5\temp\with.txt
using with!

※慣習：一行のプログラムは79文字まで
※インデントはTABもしくはスペース4つで統一、エディタで指定も出来る
